Microchip MPLAB XC8 Compiler V2.32

Linker command line:

-W-3 --edf=C:\Program Files\Microchip\xc8\v2.32\pic\dat\en_msgs.txt -cn \
  -h+dist/default/production\ProjetoF_micro.X.production.sym \
  --cmf=dist/default/production\ProjetoF_micro.X.production.cmf -z \
  -Q18F4550 -oC:\Users\JeeJ\AppData\Local\Temp\xcAsg84.4 \
  --defsym=__MPLAB_BUILD=1 \
  -Mdist/default/production/ProjetoF_micro.X.production.map -E1 \
  -ver=XC8 Compiler --acfsm=1493 -ASTACK=0D2h-07FFh -pstack=STACK \
  -ACODE=00h-07FFFh -ACONST=00h-07FFFh -ASMALLCONST=0800h-08FFhx120 \
  -AMEDIUMCONST=0800h-07FFFh -ACOMRAM=01h-05Fh -AABS1=00h-07FFh \
  -ABIGRAM=01h-07FFh -ARAM=060h-0FFh,0100h-01FFhx7 -ABANK0=060h-0FFh \
  -ABANK1=0100h-01FFh -ABANK2=0200h-02FFh -ABANK3=0300h-03FFh \
  -ABANK4=0400h-04FFh -ABANK5=0500h-05FFh -ABANK6=0600h-06FFh \
  -ABANK7=0700h-07FFh -ASFR=0F60h-0FFFh -ACONFIG=0300000h-030000Dh \
  -AIDLOC=0200000h-0200007h -AEEDATA=0F00000h-0F000FFh -peeprom_data=EEDATA \
  -preset_vec=00h,intcode=08h,intcodelo,powerup,init -pramtop=0800h \
  -psmallconst=SMALLCONST -pmediumconst=MEDIUMCONST -pconst=CONST \
  -AFARRAM=00h-00h \
  -prdata=COMRAM,nvrram=COMRAM,nvbit=COMRAM,rbss=COMRAM,rbit=COMRAM \
  -pfarbss=FARRAM,fardata=FARRAM,nvFARRAM=FARRAM \
  -pintsave_regs=BIGRAM,bigbss=BIGRAM,bigdata=BIGRAM -pbss=RAM \
  -pidata=CODE,irdata=CODE,ibigdata=CODE,ifardata=CODE -prparam=COMRAM \
  C:\Users\JeeJ\AppData\Local\Temp\xcAsg84.o \
  dist/default/production\ProjetoF_micro.X.production.o 

Object code version is 3.11

Machine type is 18F4550



                Name                               Link     Load   Length Selector   Space Scale
C:\Users\JeeJ\AppData\Local\Temp\xcAsg84.o
                idloc                            200000   200000        8        0       5
                config                           300000   300000        E        0       4
                init                                  E        E        4        4       0
                reset_vec                             0        0        4        0       0
dist/default/production\ProjetoF_micro.X.production.o
                intcode                               8        8        6        4       0
                idloc                            200000   200000        8        0       5
                config                           300000   300000        E        0       4
                temp                                 55       55        1        1       1
                mediumconst                        7EF8     7EF8      108     3F7C       0
                text37                             2B2E     2B2E       88        4       0
                intcode_body                       2A9E     2A9E       90        4       0
                text35                             2EC6     2EC6        2        4       0
                text34                             2EAA     2EAA        C        4       0
                text33                             2E7C     2E7C       12        4       0
                text32                             2E56     2E56       14        4       0
                text31                             2EB6     2EB6        A        4       0
                text30                             2CF6     2CF6       46        4       0
                text29                             2E8E     2E8E       10        4       0
                text28                             2E6A     2E6A       12        4       0
                text27                             2D3C     2D3C       40        4       0
                text26                             2DBA     2DBA       3E        4       0
                text25                             256C     256C       EE        4       0
                text24                             2CB0     2CB0       46        4       0
                text23                             2E9E     2E9E        C        4       0
                text22                             2468     2468      104        4       0
                text21                             2D7C     2D7C       3E        4       0
                text20                             2A08     2A08       96        4       0
                text19                             265A     265A       C4        4       0
                text18                             2958     2958       B0        4       0
                text17                             12DA     12DA      42A        4       0
                text16                             2DF8     2DF8       38        4       0
                text15                              E1A      E1A      4C0        4       0
                text14                             2C6A     2C6A       46        4       0
                text13                             2362     2362      106        4       0
                text12                             1F4A     1F4A      1B4        4       0
                text11                             1A9E     1A9E      288        4       0
                text10                             1704     1704      39A        4       0
                text9                              2BB6     2BB6       6E        4       0
                text8                              289A     289A       BE        4       0
                text7                              27DC     27DC       BE        4       0
                text6                              20FE     20FE      140        4       0
                text5                              2E30     2E30       26        4       0
                text4                              271E     271E       BE        4       0
                text3                                12       12      8B6        4       0
                text2                              1D26     1D26      224        4       0
                text1                              223E     223E      124        4       0
                text0                               8C8      8C8      552        4       0
                cstackCOMRAM                          1        1       4B        1       1
                cstackBANK0                          60       60       58       60       1
                dataBANK0                            CC       CC        6       60       1
                bssBANK0                             B8       B8       14       60       1
                bssCOMRAM                            4C       4C        9        1       1
                cinit                              2C24     2C24       46        4       0
                idataBANK0                         2EC0     2EC0        6        4       0

TOTAL           Name                               Link     Load   Length     Space
        CLASS   STACK          

        CLASS   CODE           
                intcode                               8        8        6         0
                init                                  E        E        4         0
                reset_vec                             0        0        4         0
                text37                             2B2E     2B2E       88         0
                intcode_body                       2A9E     2A9E       90         0
                text35                             2EC6     2EC6        2         0
                text34                             2EAA     2EAA        C         0
                text33                             2E7C     2E7C       12         0
                text32                             2E56     2E56       14         0
                text31                             2EB6     2EB6        A         0
                text30                             2CF6     2CF6       46         0
                text29                             2E8E     2E8E       10         0
                text28                             2E6A     2E6A       12         0
                text27                             2D3C     2D3C       40         0
                text26                             2DBA     2DBA       3E         0
                text25                             256C     256C       EE         0
                text24                             2CB0     2CB0       46         0
                text23                             2E9E     2E9E        C         0
                text22                             2468     2468      104         0
                text21                             2D7C     2D7C       3E         0
                text20                             2A08     2A08       96         0
                text19                             265A     265A       C4         0
                text18                             2958     2958       B0         0
                text17                             12DA     12DA      42A         0
                text16                             2DF8     2DF8       38         0
                text15                              E1A      E1A      4C0         0
                text14                             2C6A     2C6A       46         0
                text13                             2362     2362      106         0
                text12                             1F4A     1F4A      1B4         0
                text11                             1A9E     1A9E      288         0
                text10                             1704     1704      39A         0
                text9                              2BB6     2BB6       6E         0
                text8                              289A     289A       BE         0
                text7                              27DC     27DC       BE         0
                text6                              20FE     20FE      140         0
                text5                              2E30     2E30       26         0
                text4                              271E     271E       BE         0
                text3                                12       12      8B6         0
                text2                              1D26     1D26      224         0
                text1                              223E     223E      124         0
                text0                               8C8      8C8      552         0
                cinit                              2C24     2C24       46         0
                idataBANK0                         2EC0     2EC0        6         0

        CLASS   CONST          

        CLASS   SMALLCONST     

        CLASS   MEDIUMCONST    
                mediumconst                        7EF8     7EF8      108         0

        CLASS   COMRAM         
                temp                                 55       55        1         1
                cstackCOMRAM                          1        1       4B         1
                bssCOMRAM                            4C       4C        9         1

        CLASS   ABS1           

        CLASS   BIGRAM         

        CLASS   RAM            

        CLASS   BANK0          
                cstackBANK0                          60       60       58         1
                dataBANK0                            CC       CC        6         1
                bssBANK0                             B8       B8       14         1

        CLASS   BANK1          

        CLASS   BANK2          

        CLASS   BANK3          

        CLASS   BANK4          

        CLASS   BANK5          

        CLASS   BANK6          

        CLASS   BANK7          

        CLASS   SFR            

        CLASS   CONFIG         
                config                           300000   300000        E         4

        CLASS   IDLOC          
                idloc                            200000   200000        8         5

        CLASS   EEDATA         

        CLASS   FARRAM         



SEGMENTS        Name                           Load    Length   Top    Selector   Space  Class

                reset_vec                      000000  000004  000004         0       0  CODE    
                cstackCOMRAM                   000001  000055  000056         1       1  COMRAM  
                intcode                        000008  002EC0  002EC8         4       0  CODE    
                cstackBANK0                    000060  000072  0000D2        60       1  BANK0   
                mediumconst                    007EF8  000108  008000      3F7C       0  MEDIUMCO


UNUSED ADDRESS RANGES

        Name                Unused          Largest block    Delta
        BANK0            0000D2-0000FF               2E
        BANK1            000100-0001FF              100
        BANK2            000200-0002FF              100
        BANK3            000300-0003FF              100
        BANK4            000400-0004FF              100
        BANK5            000500-0005FF              100
        BANK6            000600-0006FF              100
        BANK7            000700-0007FF              100
        BIGRAM           000056-00005F                A
                         0000D2-0007FF              72E
        CODE             000004-000007                4
                         002EC8-007EF7             5030
        COMRAM           000056-00005F                A
        CONST            000004-000007                4
                         002EC8-007EF7             5030
        EEDATA           F00000-F000FF              100
        MEDIUMCONST      002EC8-007EF7             5030
        RAM              0000D2-0007FF              100
        SFR              000F60-000FFF               A0
        SMALLCONST       002EC8-007EF7              100
        STACK            0000D2-0007FF              72E

                                  Symbol Table

?___awdiv                     cstackCOMRAM 00000A
?___awmod                     cstackCOMRAM 00000A
?___fladd                     cstackCOMRAM 00000A
?___fldiv                     cstackCOMRAM 000031
?___flmul                     cstackCOMRAM 000018
?___flneg                     cstackCOMRAM 00000A
?___flsub                     cstackCOMRAM 00001A
?___fltol                     cstackCOMRAM 00000A
?___llmod                     cstackCOMRAM 000001
?___xxtofl                    cstackCOMRAM 00000A
?_gasRead                     cstackBANK0  000060
?_humidade                    cstackBANK0  000060
?_millis                      cstackCOMRAM 00000A
?_readAnalog                  cstackCOMRAM 00000A
?_readTwoDigitValue           cstackCOMRAM 000029
?_tempRead                    cstackBANK0  000060
OpenXLCD@lcdtype              cstackCOMRAM 00000B
SetDDRamAddr@DDaddr           cstackCOMRAM 00000A
WriteCmdXLCD@cmd              cstackCOMRAM 00000A
WriteDataXLCD@data            cstackCOMRAM 00000A
_ADCON0bits                   (abs)        000FC2
_ADCON1                       (abs)        000FC1
_ADCON2                       (abs)        000FC0
_ADRESH                       (abs)        000FC4
_ADRESL                       (abs)        000FC3
_BusyXLCD                     text30       002CF6
_DelayFor18TCY                text31       002EB6
_DelayPORXLCD                 text29       002E8E
_DelayXLCD                    text28       002E6A
_Glim                         dataBANK0    0000CC
_Hlim                         dataBANK0    0000CE
_INTCON2bits                  (abs)        000FF1
_INTCONbits                   (abs)        000FF2
_ISR                          intcode      000008
_LATB                         (abs)        000F8A
_LATEbits                     (abs)        000F8D
_OpenXLCD                     text25       00256C
_PORTB                        (abs)        000F81
_PORTCbits                    (abs)        000F82
_PORTD                        (abs)        000F83
_PORTDbits                    (abs)        000F83
_RCONbits                     (abs)        000FD0
_SetDDRamAddr                 text27       002D3C
_T0CON                        (abs)        000FD5
_TMR0L                        (abs)        000FD6
_TRISAbits                    (abs)        000F92
_TRISB                        (abs)        000F93
_TRISCbits                    (abs)        000F94
_TRISD                        (abs)        000F95
_TRISDbits                    (abs)        000F95
_TRISEbits                    (abs)        000F96
_Tlim                         dataBANK0    0000D0
_WriteCmdXLCD                 text26       002DBA
_WriteDataXLCD                text21       002D7C
__HRAM                        (abs)        000000
__Habs1                       abs1         000000
__Hbank0                      bank0        000000
__Hbank1                      bank1        000000
__Hbank2                      bank2        000000
__Hbank3                      bank3        000000
__Hbank4                      bank4        000000
__Hbank5                      bank5        000000
__Hbank6                      bank6        000000
__Hbank7                      bank7        000000
__Hbigbss                     bigbss       000000
__Hbigdata                    bigdata      000000
__Hbigram                     bigram       000000
__Hbss                        bss          000000
__HbssBANK0                   bssBANK0     000000
__HbssCOMRAM                  bssCOMRAM    000000
__Hcinit                      cinit        000000
__Hclrtext                    clrtext      000000
__Hcomram                     comram       000000
__Hconfig                     config       30000E
__Hconst                      const        000000
__HcstackBANK0                cstackBANK0  000000
__HcstackCOMRAM               cstackCOMRAM 000000
__Hdata                       data         000000
__HdataBANK0                  dataBANK0    000000
__Heeprom_data                eeprom_data  000000
__Hfarbss                     farbss       000000
__Hfardata                    fardata      000000
__Hibigdata                   ibigdata     000000
__Hidata                      idata        000000
__HidataBANK0                 idataBANK0   000000
__Hidloc                      idloc        200008
__Hifardata                   ifardata     000000
__Hinit                       init         000012
__Hintcode                    intcode      00000E
__Hintcode_body               intcode_body 000000
__Hintcodelo                  intcodelo    00000E
__Hintentry                   intentry     000000
__Hintret                     intret       000000
__Hintsave_regs               intsave_regs 000000
__Hirdata                     irdata       000000
__Hmediumconst                mediumconst  008000
__HnvFARRAM                   nvFARRAM     000000
__Hnvbit                      nvbit        000000
__Hnvrram                     nvrram       000000
__Hparam                      rparam       000000
__Hpowerup                    powerup      00000E
__Hram                        ram          000000
__Hramtop                     ramtop       000800
__Hrbit                       rbit         000000
__Hrbss                       rbss         000000
__Hrdata                      rdata        000000
__Hreset_vec                  reset_vec    000004
__Hrparam                     rparam       000000
__Hsfr                        sfr          000000
__Hsmallconst                 smallconst   000000
__Hspace_0                    (abs)        008000
__Hspace_1                    (abs)        0000D2
__Hspace_2                    (abs)        000000
__Hspace_4                    (abs)        60000E
__Hstack                      stack        000000
__Hstruct                     struct       000000
__Htemp                       temp         000056
__Htext                       text         000000
__Htext0                      text0        000000
__Htext1                      text1        000000
__Htext10                     text10       000000
__Htext11                     text11       000000
__Htext12                     text12       000000
__Htext13                     text13       000000
__Htext14                     text14       000000
__Htext15                     text15       000000
__Htext16                     text16       000000
__Htext17                     text17       000000
__Htext18                     text18       000000
__Htext19                     text19       000000
__Htext2                      text2        000000
__Htext20                     text20       000000
__Htext21                     text21       000000
__Htext22                     text22       000000
__Htext23                     text23       000000
__Htext24                     text24       000000
__Htext25                     text25       000000
__Htext26                     text26       000000
__Htext27                     text27       000000
__Htext28                     text28       000000
__Htext29                     text29       000000
__Htext3                      text3        000000
__Htext30                     text30       000000
__Htext31                     text31       000000
__Htext32                     text32       000000
__Htext33                     text33       000000
__Htext34                     text34       000000
__Htext35                     text35       000000
__Htext37                     text37       000000
__Htext4                      text4        000000
__Htext5                      text5        000000
__Htext6                      text6        000000
__Htext7                      text7        000000
__Htext8                      text8        000000
__Htext9                      text9        000000
__LRAM                        (abs)        000001
__Labs1                       abs1         000000
__Lbank0                      bank0        000000
__Lbank1                      bank1        000000
__Lbank2                      bank2        000000
__Lbank3                      bank3        000000
__Lbank4                      bank4        000000
__Lbank5                      bank5        000000
__Lbank6                      bank6        000000
__Lbank7                      bank7        000000
__Lbigbss                     bigbss       000000
__Lbigdata                    bigdata      000000
__Lbigram                     bigram       000000
__Lbss                        bss          000000
__LbssBANK0                   bssBANK0     000000
__LbssCOMRAM                  bssCOMRAM    000000
__Lcinit                      cinit        000000
__Lclrtext                    clrtext      000000
__Lcomram                     comram       000000
__Lconfig                     config       000000
__Lconst                      const        000000
__LcstackBANK0                cstackBANK0  000000
__LcstackCOMRAM               cstackCOMRAM 000000
__Ldata                       data         000000
__LdataBANK0                  dataBANK0    000000
__Leeprom_data                eeprom_data  000000
__Lfarbss                     farbss       000000
__Lfardata                    fardata      000000
__Libigdata                   ibigdata     000000
__Lidata                      idata        000000
__LidataBANK0                 idataBANK0   000000
__Lidloc                      idloc        000000
__Lifardata                   ifardata     000000
__Linit                       init         00000E
__Lintcode                    intcode      000008
__Lintcode_body               intcode_body 000000
__Lintcodelo                  intcodelo    00000E
__Lintentry                   intentry     000000
__Lintret                     intret       000000
__Lintsave_regs               intsave_regs 000000
__Lirdata                     irdata       000000
__Lmediumconst                mediumconst  007EF8
__LnvFARRAM                   nvFARRAM     000000
__Lnvbit                      nvbit        000000
__Lnvrram                     nvrram       000000
__Lparam                      rparam       000000
__Lpowerup                    powerup      00000E
__Lram                        ram          000000
__Lramtop                     ramtop       000800
__Lrbit                       rbit         000000
__Lrbss                       rbss         000000
__Lrdata                      rdata        000000
__Lreset_vec                  reset_vec    000000
__Lrparam                     rparam       000000
__Lsfr                        sfr          000000
__Lsmallconst                 smallconst   000000
__Lspace_0                    (abs)        000000
__Lspace_1                    (abs)        000000
__Lspace_2                    (abs)        000000
__Lspace_4                    (abs)        000000
__Lstack                      stack        000000
__Lstruct                     struct       000000
__Ltemp                       temp         000055
__Ltext                       text         000000
__Ltext0                      text0        000000
__Ltext1                      text1        000000
__Ltext10                     text10       000000
__Ltext11                     text11       000000
__Ltext12                     text12       000000
__Ltext13                     text13       000000
__Ltext14                     text14       000000
__Ltext15                     text15       000000
__Ltext16                     text16       000000
__Ltext17                     text17       000000
__Ltext18                     text18       000000
__Ltext19                     text19       000000
__Ltext2                      text2        000000
__Ltext20                     text20       000000
__Ltext21                     text21       000000
__Ltext22                     text22       000000
__Ltext23                     text23       000000
__Ltext24                     text24       000000
__Ltext25                     text25       000000
__Ltext26                     text26       000000
__Ltext27                     text27       000000
__Ltext28                     text28       000000
__Ltext29                     text29       000000
__Ltext3                      text3        000000
__Ltext30                     text30       000000
__Ltext31                     text31       000000
__Ltext32                     text32       000000
__Ltext33                     text33       000000
__Ltext34                     text34       000000
__Ltext35                     text35       000000
__Ltext37                     text37       000000
__Ltext4                      text4        000000
__Ltext5                      text5        000000
__Ltext6                      text6        000000
__Ltext7                      text7        000000
__Ltext8                      text8        000000
__Ltext9                      text9        000000
__S0                          (abs)        008000
__S1                          (abs)        0000D2
__S2                          (abs)        000000
__S4                          (abs)        000000
__S5                          (abs)        000000
___awdiv                      text19       00265A
___awdiv@counter              cstackCOMRAM 00000E
___awdiv@dividend             cstackCOMRAM 00000A
___awdiv@divisor              cstackCOMRAM 00000C
___awdiv@quotient             cstackCOMRAM 000010
___awdiv@sign                 cstackCOMRAM 00000F
___awmod                      text18       002958
___awmod@counter              cstackCOMRAM 00000E
___awmod@dividend             cstackCOMRAM 00000A
___awmod@divisor              cstackCOMRAM 00000C
___awmod@sign                 cstackCOMRAM 00000F
___fladd                      text15       000E1A
___fladd@a                    cstackCOMRAM 00000E
___fladd@aexp                 cstackCOMRAM 000017
___fladd@b                    cstackCOMRAM 00000A
___fladd@bexp                 cstackCOMRAM 000018
___fladd@grs                  cstackCOMRAM 000019
___fladd@signs                cstackCOMRAM 000016
___fldiv                      text10       001704
___fldiv@a                    cstackCOMRAM 000035
___fldiv@aexp                 cstackCOMRAM 000049
___fldiv@b                    cstackCOMRAM 000031
___fldiv@bexp                 cstackCOMRAM 000048
___fldiv@grs                  cstackCOMRAM 000044
___fldiv@new_exp              cstackCOMRAM 000042
___fldiv@rem                  cstackCOMRAM 00003D
___fldiv@sign                 cstackCOMRAM 000041
___flge                       text22       002468
___flge@ff1                   cstackCOMRAM 000018
___flge@ff2                   cstackCOMRAM 00001C
___flmul                      text17       0012DA
___flmul@a                    cstackCOMRAM 00001C
___flmul@aexp                 cstackCOMRAM 000025
___flmul@b                    cstackCOMRAM 000018
___flmul@bexp                 cstackCOMRAM 00002A
___flmul@grs                  cstackCOMRAM 000026
___flmul@prod                 cstackCOMRAM 00002B
___flmul@sign                 cstackCOMRAM 000024
___flmul@temp                 cstackCOMRAM 00002F
___flneg                      text16       002DF8
___flneg@f1                   cstackCOMRAM 00000A
___flsub                      text14       002C6A
___flsub@a                    cstackCOMRAM 00001E
___flsub@b                    cstackCOMRAM 00001A
___fltol                      text13       002362
___fltol@exp1                 cstackCOMRAM 000013
___fltol@f1                   cstackCOMRAM 00000A
___fltol@sign1                cstackCOMRAM 000012
___inthi_sp                   stack        000000
___intlo_sp                   stack        000000
___llmod                      text37       002B2E
___llmod@counter              cstackCOMRAM 000009
___llmod@dividend             cstackCOMRAM 000001
___llmod@divisor              cstackCOMRAM 000005
___param_bank                 (abs)        000000
___rparam_used                (abs)        000001
___sp                         stack        000000
___xxtofl                     text12       001F4A
___xxtofl@arg                 cstackCOMRAM 000014
___xxtofl@exp                 cstackCOMRAM 000013
___xxtofl@sign                cstackCOMRAM 000012
___xxtofl@val                 cstackCOMRAM 00000A
__accesstop                   (abs)        000060
__activetblptr                (abs)        000002
__end_of_BusyXLCD             text30       002D3C
__end_of_DelayFor18TCY        text31       002EC0
__end_of_DelayPORXLCD         text29       002E9E
__end_of_DelayXLCD            text28       002E7C
__end_of_ISR                  intcode_body 002B2E
__end_of_OpenXLCD             text25       00265A
__end_of_SetDDRamAddr         text27       002D7C
__end_of_WriteCmdXLCD         text26       002DF8
__end_of_WriteDataXLCD        text21       002DBA
__end_of___awdiv              text19       00271E
__end_of___awmod              text18       002A08
__end_of___fladd              text15       0012DA
__end_of___fldiv              text10       001A9E
__end_of___flge               text22       00256C
__end_of___flmul              text17       001704
__end_of___flneg              text16       002E30
__end_of___flsub              text14       002CB0
__end_of___fltol              text13       002468
__end_of___llmod              text37       002BB6
__end_of___xxtofl             text12       0020FE
__end_of__initialization      cinit        002C5C
__end_of_buzzer               text35       002EC8
__end_of_configureADC         text34       002EB6
__end_of_configureIO          text33       002E8E
__end_of_configureInterrupt   text32       002E6A
__end_of_configureLCD         text24       002CF6
__end_of_configureTimer       text23       002EAA
__end_of_displayMenu          text3        0008C8
__end_of_displayStuff         text20       002A9E
__end_of_floatToString        text11       001D26
__end_of_gasRead              text8        002958
__end_of_humidade             text7        00289A
__end_of_itoa                 text6        00223E
__end_of_keymap               mediumconst  007F09
__end_of_main                 text0        000E1A
__end_of_millis               text5        002E56
__end_of_readAnalog           text9        002C24
__end_of_readKey              text2        001F4A
__end_of_readTwoDigitValue    text1        002362
__end_of_tempRead             text4        0027DC
__end_ofreadKey@F3297         mediumconst  007F11
__initialization              cinit        002C24
__mediumconst                 mediumconst  007EF8
__pbssBANK0                   bssBANK0     0000B8
__pbssCOMRAM                  bssCOMRAM    00004C
__pcinit                      cinit        002C24
__pcstackBANK0                cstackBANK0  000060
__pcstackCOMRAM               cstackCOMRAM 000001
__pdataBANK0                  dataBANK0    0000CC
__pidataBANK0                 idataBANK0   002EC0
__pintcode                    intcode      000008
__pintcode_body               intcode_body 002A9E
__pmediumconst                mediumconst  007EF8
__ptext0                      text0        0008C8
__ptext1                      text1        00223E
__ptext10                     text10       001704
__ptext11                     text11       001A9E
__ptext12                     text12       001F4A
__ptext13                     text13       002362
__ptext14                     text14       002C6A
__ptext15                     text15       000E1A
__ptext16                     text16       002DF8
__ptext17                     text17       0012DA
__ptext18                     text18       002958
__ptext19                     text19       00265A
__ptext2                      text2        001D26
__ptext20                     text20       002A08
__ptext21                     text21       002D7C
__ptext22                     text22       002468
__ptext23                     text23       002E9E
__ptext24                     text24       002CB0
__ptext25                     text25       00256C
__ptext26                     text26       002DBA
__ptext27                     text27       002D3C
__ptext28                     text28       002E6A
__ptext29                     text29       002E8E
__ptext3                      text3        000012
__ptext30                     text30       002CF6
__ptext31                     text31       002EB6
__ptext32                     text32       002E56
__ptext33                     text33       002E7C
__ptext34                     text34       002EAA
__ptext35                     text35       002EC6
__ptext37                     text37       002B2E
__ptext4                      text4        00271E
__ptext5                      text5        002E30
__ptext6                      text6        0020FE
__ptext7                      text7        0027DC
__ptext8                      text8        00289A
__ptext9                      text9        002BB6
__ramtop                      ramtop       000800
__size_of_BusyXLCD            (abs)        000000
__size_of_DelayFor18TCY       (abs)        000000
__size_of_DelayPORXLCD        (abs)        000000
__size_of_DelayXLCD           (abs)        000000
__size_of_ISR                 (abs)        000000
__size_of_OpenXLCD            (abs)        000000
__size_of_SetDDRamAddr        (abs)        000000
__size_of_WriteCmdXLCD        (abs)        000000
__size_of_WriteDataXLCD       (abs)        000000
__size_of___awdiv             (abs)        000000
__size_of___awmod             (abs)        000000
__size_of___fladd             (abs)        000000
__size_of___fldiv             (abs)        000000
__size_of___flge              (abs)        000000
__size_of___flmul             (abs)        000000
__size_of___flneg             (abs)        000000
__size_of___flsub             (abs)        000000
__size_of___fltol             (abs)        000000
__size_of___llmod             (abs)        000000
__size_of___xxtofl            (abs)        000000
__size_of_buzzer              (abs)        000000
__size_of_configureADC        (abs)        000000
__size_of_configureIO         (abs)        000000
__size_of_configureInterrupt  (abs)        000000
__size_of_configureLCD        (abs)        000000
__size_of_configureTimer      (abs)        000000
__size_of_displayMenu         (abs)        000000
__size_of_displayStuff        (abs)        000000
__size_of_floatToString       (abs)        000000
__size_of_gasRead             (abs)        000000
__size_of_humidade            (abs)        000000
__size_of_itoa                (abs)        000000
__size_of_main                (abs)        000000
__size_of_millis              (abs)        000000
__size_of_readAnalog          (abs)        000000
__size_of_readKey             (abs)        000000
__size_of_readTwoDigitValue   (abs)        000000
__size_of_tempRead            (abs)        000000
__smallconst                  smallconst   000000
_buzzer                       text35       002EC6
_configureADC                 text34       002EAA
_configureIO                  text33       002E7C
_configureInterrupt           text32       002E56
_configureLCD                 text24       002CB0
_configureTimer               text23       002E9E
_displayMenu                  text3        000012
_displayStuff                 text20       002A08
_displayStuff$779             cstackCOMRAM 000013
_floatToString                text11       001A9E
_gasRead                      text8        00289A
_gasRead$1529                 cstackBANK0  000068
_humidade                     text7        0027DC
_humidade$1528                cstackBANK0  000068
_itoa                         text6        0020FE
_keyPressed                   bssCOMRAM    000054
_keyState                     bssBANK0     0000B8
_keymap                       mediumconst  007EF9
_main                         text0        0008C8
_millis                       text5        002E30
_milliseconds                 bssCOMRAM    00004C
_readAnalog                   text9        002BB6
_readKey                      text2        001D26
_readTwoDigitValue            text1        00223E
_tak                          bssCOMRAM    000052
_tempRead                     text4        00271E
_tempRead$1527                cstackBANK0  000068
btemp                         temp         000055
buzzer@buzzerStatus           cstackCOMRAM 00000A
displayMenu@currentGas        cstackBANK0  000092
displayMenu@currentHumid      cstackBANK0  00008E
displayMenu@currentTemp       cstackBANK0  00008A
displayMenu@currentTime       cstackBANK0  000086
displayMenu@errorCycle        bssCOMRAM    000050
displayMenu@lastUpdateTime    bssBANK0     0000C3
displayMenu@menuIndex         cstackCOMRAM 00004A
displayMenu@systemCycle       bssBANK0     0000CA
displayMenu@valueStr          cstackBANK0  00007C
displayStuff@LCDWritePosition cstackCOMRAM 000011
displayStuff@column           cstackCOMRAM 00000D
displayStuff@row              cstackCOMRAM 00000B
displayStuff@stuff            cstackCOMRAM 00000F
end_of_initialization         cinit        002C5C
floatToString@buffer          cstackCOMRAM 000035
floatToString@digit           cstackBANK0  000070
floatToString@i               cstackBANK0  000074
floatToString@i_802           cstackBANK0  00006C
floatToString@index           cstackBANK0  000076
floatToString@intPart         cstackBANK0  00006E
floatToString@intStr          cstackBANK0  000060
floatToString@precision       cstackCOMRAM 000037
floatToString@temp            cstackBANK0  000072
floatToString@value           cstackCOMRAM 000031
gasRead@gas                   cstackBANK0  000064
gasRead@rawAnalog             cstackBANK0  00006C
humidade@Humid                cstackBANK0  000064
humidade@rawAnalog            cstackBANK0  00006C
int$flags                     temp         000055
int_func                      intcode_body 002A9E
intlevel0                     text         000000
intlevel1                     text         000000
intlevel2                     text         000000
intlevel3                     text         000000
isa$std                       (abs)        000001
isa$xinst                     (abs)        000000
itoa@count                    cstackCOMRAM 000016
itoa@ptr                      cstackCOMRAM 000014
itoa@temp                     cstackCOMRAM 000018
itoa@value                    cstackCOMRAM 000012
main@currentGas               cstackBANK0  0000AA
main@currentHumid             cstackBANK0  0000A6
main@currentTemp              cstackBANK0  0000A2
main@currentTime              cstackBANK0  00009E
main@gasLimit                 cstackBANK0  0000B0
main@humLimit                 cstackBANK0  0000AE
main@lastDisplayUpdate        cstackBANK0  00009A
main@lastKey                  cstackBANK0  0000B6
main@menuIndex                cstackBANK0  0000B4
main@pressed_key              cstackBANK0  0000B7
main@tempLimit                cstackBANK0  0000B2
millis@ms                     cstackCOMRAM 00000E
readAnalog@pin                cstackCOMRAM 000010
readAnalog@result             cstackCOMRAM 00000E
readKey@F3297                 mediumconst  007F09
readKey@InvCol                cstackCOMRAM 000018
readKey@col                   cstackCOMRAM 000020
readKey@currentTime           cstackCOMRAM 000024
readKey@pressedKey            cstackCOMRAM 000028
readKey@row                   cstackCOMRAM 000022
readTwoDigitValue@digitCount  cstackCOMRAM 000030
readTwoDigitValue@input       cstackCOMRAM 00002D
readTwoDigitValue@key         cstackCOMRAM 000032
readTwoDigitValue@prompt      cstackCOMRAM 000029
stackhi                       (abs)        0007FF
stacklo                       (abs)        0000D2
start                         init         00000E
start_initialization          cinit        002C24
tempRead@TempC                cstackBANK0  000064
tempRead@rawAnalog            cstackBANK0  00006C
ttemp5                        temp         000056
ttemp6                        temp         000059
ttemp7                        temp         00005D
wtemp8                        temp         000056


MODULE INFORMATION

Module		Function		Class		Link	Load	Size
C:\Program Files\Microchip\xc8\v2.32\pic\sources\c99\common\awdiv.c
		___awdiv       		CODE           	265A	0000	196

C:\Program Files\Microchip\xc8\v2.32\pic\sources\c99\common\awdiv.c estimated size: 196

C:\Program Files\Microchip\xc8\v2.32\pic\sources\c99\common\sprcadd.c
		___flsub       		CODE           	2C6A	0000	70
		___fladd       		CODE           	0E1A	0000	1216

C:\Program Files\Microchip\xc8\v2.32\pic\sources\c99\common\sprcadd.c estimated size: 1286

C:\Program Files\Microchip\xc8\v2.32\pic\sources\c99\common\flneg.c
		___flneg       		CODE           	2DF8	0000	56

C:\Program Files\Microchip\xc8\v2.32\pic\sources\c99\common\flneg.c estimated size: 56

C:\Program Files\Microchip\xc8\v2.32\pic\sources\c99\common\llmod.c
		___llmod       		CODE           	2B2E	0000	136

C:\Program Files\Microchip\xc8\v2.32\pic\sources\c99\common\llmod.c estimated size: 136

nxlcd.c
		_BusyXLCD      		CODE           	2CF6	0000	70
		_DelayFor18TCY 		CODE           	2EB6	0000	10
		_DelayXLCD     		CODE           	2E6A	0000	18
		_WriteCmdXLCD  		CODE           	2DBA	0000	62
		_OpenXLCD      		CODE           	256C	0000	238
		_WriteDataXLCD 		CODE           	2D7C	0000	62
		_SetDDRamAddr  		CODE           	2D3C	0000	64
		_DelayPORXLCD  		CODE           	2E8E	0000	16

nxlcd.c estimated size: 540

shared
		readKey@F3297  		MEDIUMCONST    	7F09	0000	8
		_keymap        		MEDIUMCONST    	7EF9	0000	16
		__initialization		CODE           	2C24	0000	56

shared estimated size: 80

C:\Program Files\Microchip\xc8\v2.32\pic\sources\c99\common\sprcmul.c
		___flmul       		CODE           	12DA	0000	1066

C:\Program Files\Microchip\xc8\v2.32\pic\sources\c99\common\sprcmul.c estimated size: 1066

C:\Program Files\Microchip\xc8\v2.32\pic\sources\c99\common\awmod.c
		___awmod       		CODE           	2958	0000	176

C:\Program Files\Microchip\xc8\v2.32\pic\sources\c99\common\awmod.c estimated size: 176

C:\Program Files\Microchip\xc8\v2.32\pic\sources\c99\common\sprcdiv.c
		___fldiv       		CODE           	1704	0000	922

C:\Program Files\Microchip\xc8\v2.32\pic\sources\c99\common\sprcdiv.c estimated size: 922

C:\Program Files\Microchip\xc8\v2.32\pic\sources\c99\common\fltol.c
		___fltol       		CODE           	2362	0000	262

C:\Program Files\Microchip\xc8\v2.32\pic\sources\c99\common\fltol.c estimated size: 262

C:\Program Files\Microchip\xc8\v2.32\pic\sources\c99\common\xxtofl.c
		___xxtofl      		CODE           	1F4A	0000	436

C:\Program Files\Microchip\xc8\v2.32\pic\sources\c99\common\xxtofl.c estimated size: 436

main.c
		_readAnalog    		CODE           	2BB6	0000	110
		_configureIO   		CODE           	2E7C	0000	18
		_millis        		CODE           	2E30	0000	38
		_configureADC  		CODE           	2EAA	0000	12
		_configureLCD  		CODE           	2CB0	0000	70
		_readKey       		CODE           	1D26	0000	548
		_ISR           		CODE           	0008	0000	150
		_displayMenu   		CODE           	0012	0000	2230
		_displayStuff  		CODE           	2A08	0000	150
		_readTwoDigitValue		CODE           	223E	0000	292
		_configureTimer		CODE           	2E9E	0000	12
		_main          		CODE           	08C8	0000	1362
		_tempRead      		CODE           	271E	0000	190
		_humidade      		CODE           	27DC	0000	190
		_gasRead       		CODE           	289A	0000	190
		_itoa          		CODE           	20FE	0000	320
		_configureInterrupt		CODE           	2E56	0000	20
		_floatToString 		CODE           	1A9E	0000	648
		_buzzer        		CODE           	2EC6	0000	2

main.c estimated size: 6552

C:\Program Files\Microchip\xc8\v2.32\pic\sources\c99\common\flge.c
		___flge        		CODE           	2468	0000	260

C:\Program Files\Microchip\xc8\v2.32\pic\sources\c99\common\flge.c estimated size: 260

