Microchip MPLAB XC8 Compiler V2.32

Linker command line:

-W-3 --edf=c:\PROGRA~1\MICROC~1\xc8\v2.32\pic\dat\en_msgs.txt -cn \
  -h+ProjetoF_micro_default_default.sym \
  --cmf=ProjetoF_micro_default_default.cmf -z -w9 --disl=596:off --norlf \
  -Q18F4550 -oC:\Users\JeeJ\AppData\Local\Temp\xcAsgn8.4 \
  --defsym=__MPLAB_BUILD=1 -Mmem.map -E1 -ver=XC8 Compiler --acfsm=1493 \
  -ACODE=00h-07FFFh -ACONST=00h-07FFFh -ASMALLCONST=0800h-08FFhx120 \
  -AMEDIUMCONST=0800h-07FFFh -ACOMRAM=01h-05Fh -AABS1=00h-07FFh \
  -ABIGRAM=01h-07FFh -ARAM=060h-0FFh,0100h-01FFhx7 -ABANK0=060h-0FFh \
  -ABANK1=0100h-01FFh -ABANK2=0200h-02FFh -ABANK3=0300h-03FFh \
  -ABANK4=0400h-04FFh -ABANK5=0500h-05FFh -ABANK6=0600h-06FFh \
  -ABANK7=0700h-07FFh -ASFR=0F60h-0FFFh -ACONFIG=0300000h-030000Dh \
  -AIDLOC=0200000h-0200007h -AEEDATA=0F00000h-0F000FFh -peeprom_data=EEDATA \
  -preset_vec=00h,intcode,intcodelo,powerup,init -pramtop=0800h \
  -psmallconst=SMALLCONST -pmediumconst=MEDIUMCONST -pconst=CONST \
  -AFARRAM=00h-00h \
  -prdata=COMRAM,nvrram=COMRAM,nvbit=COMRAM,rbss=COMRAM,rbit=COMRAM \
  -pfarbss=FARRAM,fardata=FARRAM,nvFARRAM=FARRAM \
  -pintsave_regs=BIGRAM,bigbss=BIGRAM,bigdata=BIGRAM -pbss=RAM \
  -pidata=CODE,irdata=CODE,ibigdata=CODE,ifardata=CODE \
  C:\Users\JeeJ\AppData\Local\Temp\xcAsgn8.o \
  ProjetoF_micro_default_default.o 

Object code version is 3.11

Machine type is 18F4550



                Name                               Link     Load   Length Selector   Space Scale
C:\Users\JeeJ\AppData\Local\Temp\xcAsgn8.o
                idloc                            200000   200000        8        0       5
                config                           300000   300000        E        0       4
                init                                  6        6        4        0       0
ProjetoF_micro_default_default.o
                intcode                               0        0        6        0       0
                idloc                            200000   200000        8        0       5
                config                           300000   300000        E        0       4
                temp                                 5F       5F        1        1       1
                smallconst                          800      800       F4      400       0
                intcode_body                       2F3E     2F3E       28      47A       0
                text33                             2FD8     2FD8        C      47A       0
                text32                             2FCC     2FCC        C      47A       0
                text31                             2FF8     2FF8        A      47A       0
                text30                             2FEE     2FEE        A      47A       0
                text29                             2DFA     2DFA       46      47A       0
                text28                             2FBC     2FBC       10      47A       0
                text27                             2FAA     2FAA       12      47A       0
                text26                             2E82     2E82       40      47A       0
                text25                             2F00     2F00       3E      47A       0
                text24                             276C     276C       EE      47A       0
                text23                             2F8C     2F8C       1E      47A       0
                text22                             2FE4     2FE4        A      47A       0
                text21                             2668     2668      104      47A       0
                text20                             2EC2     2EC2       3E      47A       0
                text19                             2C44     2C44       8C      47A       0
                text18                             177C     177C      42A      47A       0
                text17                              E46      E46      4C0      47A       0
                text16                             2DB4     2DB4       46      47A       0
                text15                             2562     2562      106      47A       0
                text14                             1F40     1F40      1B4      47A       0
                text13                             2A2A     2A2A       C4      47A       0
                text12                             2AEE     2AEE       B0      47A       0
                text11                             285A     285A       EC      47A       0
                text10                             22A4     22A4      1A2      47A       0
                text9                              1BA6     1BA6      39A      47A       0
                text8                              2D42     2D42       72      47A       0
                text7                              2CD0     2CD0       72      47A       0
                text6                              2B9E     2B9E       A6      47A       0
                text5                               8F4      8F4      552      47A       0
                text4                              2F66     2F66       26      47A       0
                text3                              2446     2446      11C      47A       0
                text2                              20F4     20F4      1B0      47A       0
                text1                              2946     2946       E4      47A       0
                text0                              1306     1306      476      47A       0
                cstackCOMRAM                          1        1       5A        1       1
                cstackBANK0                          60       60       3B       60       1
                dataBANK0                            A3       A3        6       60       1
                bssBANK0                             9B       9B        8       60       1
                bssCOMRAM                            5B       5B        4        1       1
                cinit                              2E40     2E40       42      47A       0
                idataBANK0                         3002     3002        6      47A       0

TOTAL           Name                               Link     Load   Length     Space
        CLASS   CODE           
                intcode                               0        0        6         0
                init                                  6        6        4         0
                intcode_body                       2F3E     2F3E       28         0
                text33                             2FD8     2FD8        C         0
                text32                             2FCC     2FCC        C         0
                text31                             2FF8     2FF8        A         0
                text30                             2FEE     2FEE        A         0
                text29                             2DFA     2DFA       46         0
                text28                             2FBC     2FBC       10         0
                text27                             2FAA     2FAA       12         0
                text26                             2E82     2E82       40         0
                text25                             2F00     2F00       3E         0
                text24                             276C     276C       EE         0
                text23                             2F8C     2F8C       1E         0
                text22                             2FE4     2FE4        A         0
                text21                             2668     2668      104         0
                text20                             2EC2     2EC2       3E         0
                text19                             2C44     2C44       8C         0
                text18                             177C     177C      42A         0
                text17                              E46      E46      4C0         0
                text16                             2DB4     2DB4       46         0
                text15                             2562     2562      106         0
                text14                             1F40     1F40      1B4         0
                text13                             2A2A     2A2A       C4         0
                text12                             2AEE     2AEE       B0         0
                text11                             285A     285A       EC         0
                text10                             22A4     22A4      1A2         0
                text9                              1BA6     1BA6      39A         0
                text8                              2D42     2D42       72         0
                text7                              2CD0     2CD0       72         0
                text6                              2B9E     2B9E       A6         0
                text5                               8F4      8F4      552         0
                text4                              2F66     2F66       26         0
                text3                              2446     2446      11C         0
                text2                              20F4     20F4      1B0         0
                text1                              2946     2946       E4         0
                text0                              1306     1306      476         0
                cinit                              2E40     2E40       42         0
                idataBANK0                         3002     3002        6         0

        CLASS   CONST          

        CLASS   SMALLCONST     
                smallconst                          800      800       F4         0

        CLASS   MEDIUMCONST    

        CLASS   COMRAM         
                temp                                 5F       5F        1         1
                cstackCOMRAM                          1        1       5A         1
                bssCOMRAM                            5B       5B        4         1

        CLASS   ABS1           

        CLASS   BIGRAM         

        CLASS   RAM            

        CLASS   BANK0          
                cstackBANK0                          60       60       3B         1
                dataBANK0                            A3       A3        6         1
                bssBANK0                             9B       9B        8         1

        CLASS   BANK1          

        CLASS   BANK2          

        CLASS   BANK3          

        CLASS   BANK4          

        CLASS   BANK5          

        CLASS   BANK6          

        CLASS   BANK7          

        CLASS   SFR            

        CLASS   CONFIG         
                config                           300000   300000        E         4

        CLASS   IDLOC          
                idloc                            200000   200000        8         5

        CLASS   EEDATA         

        CLASS   FARRAM         

        CLASS   STACK          



SEGMENTS        Name                           Load    Length   Top    Selector   Space  Class

                reset_vec                      000000  00000A  00000A         0       0  CODE    
                cstackCOMRAM                   000001  00005F  000060         1       1  COMRAM  
                cstackBANK0                    000060  000049  0000A9        60       1  BANK0   
                smallconst                     000800  0000F4  0008F4       400       0  SMALLCON
                text5                          0008F4  002714  003008       47A       0  CODE    


UNUSED ADDRESS RANGES

        Name                Unused          Largest block    Delta
        BANK0            0000A9-0000FF               57
        BANK1            000100-0001FF              100
        BANK2            000200-0002FF              100
        BANK3            000300-0003FF              100
        BANK4            000400-0004FF              100
        BANK5            000500-0005FF              100
        BANK6            000600-0006FF              100
        BANK7            000700-0007FF              100
        BIGRAM           0000A9-0007FF              757
        CODE             00000A-0007FF              7F6
                         003008-007FFF             4FF8
        CONST            00000A-0007FF              7F6
                         003008-007FFF             4FF8
        EEDATA           F00000-F000FF              100
        MEDIUMCONST      003008-007FFF             4FF8
        RAM              0000A9-0007FF              100
        SFR              000F60-000FFF               A0
        SMALLCONST       003008-007FFF              100

                                  Symbol Table

_ISR                         intcode      000000
__HRAM                       (abs)        000000
__Habs1                      abs1         000000
__Hbank0                     bank0        000000
__Hbank1                     bank1        000000
__Hbank2                     bank2        000000
__Hbank3                     bank3        000000
__Hbank4                     bank4        000000
__Hbank5                     bank5        000000
__Hbank6                     bank6        000000
__Hbank7                     bank7        000000
__Hbigbss                    bigbss       000000
__Hbigdata                   bigdata      000000
__Hbigram                    bigram       000000
__Hbss                       bss          000000
__HbssBANK0                  bssBANK0     000000
__HbssCOMRAM                 bssCOMRAM    000000
__Hcinit                     cinit        000000
__Hclrtext                   clrtext      000000
__Hcomram                    comram       000000
__Hconst                     const        000000
__HcstackBANK0               cstackBANK0  000000
__HcstackCOMRAM              cstackCOMRAM 000000
__Hdata                      data         000000
__HdataBANK0                 dataBANK0    000000
__Heeprom_data               eeprom_data  000000
__Hfarbss                    farbss       000000
__Hfardata                   fardata      000000
__Hibigdata                  ibigdata     000000
__Hidata                     idata        000000
__HidataBANK0                idataBANK0   000000
__Hifardata                  ifardata     000000
__Hintcode_body              intcode_body 000000
__Hintentry                  intentry     000000
__Hintret                    intret       000000
__Hintsave_regs              intsave_regs 000000
__Hirdata                    irdata       000000
__Hmediumconst               mediumconst  000000
__HnvFARRAM                  nvFARRAM     000000
__Hnvbit                     nvbit        000000
__Hnvrram                    nvrram       000000
__Hparam                     rparam       000000
__Hram                       ram          000000
__Hrbit                      rbit         000000
__Hrbss                      rbss         000000
__Hrdata                     rdata        000000
__Hreset_vec                 reset_vec    000000
__Hrparam                    rparam       000000
__Hsfr                       sfr          000000
__Hspace_2                   (abs)        000000
__Hstack                     stack        000000
__Hstruct                    struct       000000
__Htext                      text         000000
__Htext0                     text0        000000
__Htext1                     text1        000000
__Htext10                    text10       000000
__Htext11                    text11       000000
__Htext12                    text12       000000
__Htext13                    text13       000000
__Htext14                    text14       000000
__Htext15                    text15       000000
__Htext16                    text16       000000
__Htext17                    text17       000000
__Htext18                    text18       000000
__Htext19                    text19       000000
__Htext2                     text2        000000
__Htext20                    text20       000000
__Htext21                    text21       000000
__Htext22                    text22       000000
__Htext23                    text23       000000
__Htext24                    text24       000000
__Htext25                    text25       000000
__Htext26                    text26       000000
__Htext27                    text27       000000
__Htext28                    text28       000000
__Htext29                    text29       000000
__Htext3                     text3        000000
__Htext30                    text30       000000
__Htext31                    text31       000000
__Htext32                    text32       000000
__Htext33                    text33       000000
__Htext4                     text4        000000
__Htext5                     text5        000000
__Htext6                     text6        000000
__Htext7                     text7        000000
__Htext8                     text8        000000
__Htext9                     text9        000000
__Labs1                      abs1         000000
__Lbank0                     bank0        000000
__Lbank1                     bank1        000000
__Lbank2                     bank2        000000
__Lbank3                     bank3        000000
__Lbank4                     bank4        000000
__Lbank5                     bank5        000000
__Lbank6                     bank6        000000
__Lbank7                     bank7        000000
__Lbigbss                    bigbss       000000
__Lbigdata                   bigdata      000000
__Lbigram                    bigram       000000
__Lbss                       bss          000000
__LbssBANK0                  bssBANK0     000000
__LbssCOMRAM                 bssCOMRAM    000000
__Lcinit                     cinit        000000
__Lclrtext                   clrtext      000000
__Lcomram                    comram       000000
__Lconfig                    config       000000
__Lconst                     const        000000
__LcstackBANK0               cstackBANK0  000000
__LcstackCOMRAM              cstackCOMRAM 000000
__Ldata                      data         000000
__LdataBANK0                 dataBANK0    000000
__Leeprom_data               eeprom_data  000000
__Lfarbss                    farbss       000000
__Lfardata                   fardata      000000
__Libigdata                  ibigdata     000000
__Lidata                     idata        000000
__LidataBANK0                idataBANK0   000000
__Lidloc                     idloc        000000
__Lifardata                  ifardata     000000
__Lintcode                   intcode      000000
__Lintcode_body              intcode_body 000000
__Lintentry                  intentry     000000
__Lintret                    intret       000000
__Lintsave_regs              intsave_regs 000000
__Lirdata                    irdata       000000
__Lmediumconst               mediumconst  000000
__LnvFARRAM                  nvFARRAM     000000
__Lnvbit                     nvbit        000000
__Lnvrram                    nvrram       000000
__Lparam                     rparam       000000
__Lram                       ram          000000
__Lrbit                      rbit         000000
__Lrbss                      rbss         000000
__Lrdata                     rdata        000000
__Lreset_vec                 reset_vec    000000
__Lrparam                    rparam       000000
__Lsfr                       sfr          000000
__Lspace_0                   (abs)        000000
__Lspace_1                   (abs)        000000
__Lspace_2                   (abs)        000000
__Lspace_4                   (abs)        000000
__Lstack                     stack        000000
__Lstruct                    struct       000000
__Ltext                      text         000000
__Ltext0                     text0        000000
__Ltext1                     text1        000000
__Ltext10                    text10       000000
__Ltext11                    text11       000000
__Ltext12                    text12       000000
__Ltext13                    text13       000000
__Ltext14                    text14       000000
__Ltext15                    text15       000000
__Ltext16                    text16       000000
__Ltext17                    text17       000000
__Ltext18                    text18       000000
__Ltext19                    text19       000000
__Ltext2                     text2        000000
__Ltext20                    text20       000000
__Ltext21                    text21       000000
__Ltext22                    text22       000000
__Ltext23                    text23       000000
__Ltext24                    text24       000000
__Ltext25                    text25       000000
__Ltext26                    text26       000000
__Ltext27                    text27       000000
__Ltext28                    text28       000000
__Ltext29                    text29       000000
__Ltext3                     text3        000000
__Ltext30                    text30       000000
__Ltext31                    text31       000000
__Ltext32                    text32       000000
__Ltext33                    text33       000000
__Ltext4                     text4        000000
__Ltext5                     text5        000000
__Ltext6                     text6        000000
__Ltext7                     text7        000000
__Ltext8                     text8        000000
__Ltext9                     text9        000000
__S4                         (abs)        000000
__S5                         (abs)        000000
___inthi_sp                  stack        000000
___intlo_sp                  stack        000000
___param_bank                (abs)        000000
___sp                        stack        000000
__mediumconst                mediumconst  000000
__pintcode                   intcode      000000
__size_of_BusyXLCD           (abs)        000000
__size_of_DelayFor18TCY      (abs)        000000
__size_of_DelayPORXLCD       (abs)        000000
__size_of_DelayXLCD          (abs)        000000
__size_of_ISR                (abs)        000000
__size_of_OpenXLCD           (abs)        000000
__size_of_SetDDRamAddr       (abs)        000000
__size_of_WriteCmdXLCD       (abs)        000000
__size_of_WriteDataXLCD      (abs)        000000
__size_of___awdiv            (abs)        000000
__size_of___awmod            (abs)        000000
__size_of___fladd            (abs)        000000
__size_of___fldiv            (abs)        000000
__size_of___flge             (abs)        000000
__size_of___flmul            (abs)        000000
__size_of___flsub            (abs)        000000
__size_of___fltol            (abs)        000000
__size_of___wmul             (abs)        000000
__size_of___xxtofl           (abs)        000000
__size_of_atoi               (abs)        000000
__size_of_configureADC       (abs)        000000
__size_of_configureIO        (abs)        000000
__size_of_configureInterrupt (abs)        000000
__size_of_configureLCD       (abs)        000000
__size_of_configureTimer     (abs)        000000
__size_of_displayMenu        (abs)        000000
__size_of_displayStuff       (abs)        000000
__size_of_floatToString      (abs)        000000
__size_of_gasRead            (abs)        000000
__size_of_humidade           (abs)        000000
__size_of_itoa               (abs)        000000
__size_of_main               (abs)        000000
__size_of_readKey            (abs)        000000
__size_of_readTwoDigitValue  (abs)        000000
__size_of_tempRead           (abs)        000000
_millis                                         
_readAnalog                                     
intlevel0                    text         000000
intlevel1                    text         000000
intlevel2                    text         000000
intlevel3                    text         000000
isa$xinst                    (abs)        000000
stackhi                      (abs)        000000
stacklo                      (abs)        000000
?___awdiv                    cstackCOMRAM 000001
?___awmod                    cstackCOMRAM 000001
?___fladd                    cstackCOMRAM 000001
?___fltol                    cstackCOMRAM 000001
?___wmul                     cstackCOMRAM 000001
SetDDRamAddr@DDaddr          cstackCOMRAM 000001
WriteCmdXLCD@cmd             cstackCOMRAM 000001
WriteDataXLCD@data           cstackCOMRAM 000001
__LRAM                       (abs)        000001
___awdiv@dividend            cstackCOMRAM 000001
___awmod@dividend            cstackCOMRAM 000001
___fladd@b                   cstackCOMRAM 000001
___fltol@f1                  cstackCOMRAM 000001
___rparam_used               (abs)        000001
___wmul@multiplier           cstackCOMRAM 000001
__pcstackCOMRAM              cstackCOMRAM 000001
isa$std                      (abs)        000001
OpenXLCD@lcdtype             cstackCOMRAM 000002
__activetblptr               (abs)        000002
displayStuff@row             cstackCOMRAM 000002
___awdiv@divisor             cstackCOMRAM 000003
___awmod@divisor             cstackCOMRAM 000003
___wmul@multiplicand         cstackCOMRAM 000003
displayStuff@column          cstackCOMRAM 000004
___awdiv@counter             cstackCOMRAM 000005
___awmod@counter             cstackCOMRAM 000005
___fladd@a                   cstackCOMRAM 000005
___wmul@product              cstackCOMRAM 000005
__Hintcode                   intcode      000006
__Hintcodelo                 intcodelo    000006
__Hpowerup                   powerup      000006
__Linit                      init         000006
__Lintcodelo                 intcodelo    000006
__Lpowerup                   powerup      000006
___awdiv@sign                cstackCOMRAM 000006
___awmod@sign                cstackCOMRAM 000006
displayStuff@stuff           cstackCOMRAM 000006
start                        init         000006
?_atoi                       cstackCOMRAM 000007
___awdiv@quotient            cstackCOMRAM 000007
atoi@str                     cstackCOMRAM 000007
readKey@InvCol               cstackCOMRAM 000007
_displayStuff$471            cstackCOMRAM 000008
___fltol@sign1               cstackCOMRAM 000009
itoa@value                   cstackCOMRAM 000009
__Hinit                      init         00000A
___fltol@exp1                cstackCOMRAM 00000A
atoi@sign                    cstackCOMRAM 00000A
?___xxtofl                   cstackCOMRAM 00000B
___xxtofl@val                cstackCOMRAM 00000B
itoa@ptr                     cstackCOMRAM 00000B
atoi@result                  cstackCOMRAM 00000C
___fladd@signs               cstackCOMRAM 00000D
itoa@temp                    cstackCOMRAM 00000D
___fladd@aexp                cstackCOMRAM 00000E
atoi@i                       cstackCOMRAM 00000E
itoa@end                     cstackCOMRAM 00000E
___fladd@bexp                cstackCOMRAM 00000F
readKey@now                  cstackCOMRAM 00000F
___fladd@grs                 cstackCOMRAM 000010
___xxtofl@sign               cstackCOMRAM 000013
readKey@currentKey           cstackCOMRAM 000013
___xxtofl@exp                cstackCOMRAM 000014
readKey@col                  cstackCOMRAM 000014
___xxtofl@arg                cstackCOMRAM 000015
readKey@row                  cstackCOMRAM 000016
?_readTwoDigitValue          cstackCOMRAM 000018
readTwoDigitValue@prompt     cstackCOMRAM 000018
?___flmul                    cstackCOMRAM 000019
?___flsub                    cstackCOMRAM 000019
___flge@ff1                  cstackCOMRAM 000019
___flmul@b                   cstackCOMRAM 000019
___flsub@b                   cstackCOMRAM 000019
readTwoDigitValue@input      cstackCOMRAM 00001A
___flge@ff2                  cstackCOMRAM 00001D
___flmul@a                   cstackCOMRAM 00001D
___flsub@a                   cstackCOMRAM 00001D
readTwoDigitValue@digits     cstackCOMRAM 00001D
readTwoDigitValue@key        cstackCOMRAM 00001F
___flmul@sign                cstackCOMRAM 000025
___flmul@grs                 cstackCOMRAM 000026
___flmul@aexp                cstackCOMRAM 00002A
___flmul@bexp                cstackCOMRAM 00002B
___flmul@prod                cstackCOMRAM 00002C
___flmul@temp                cstackCOMRAM 000030
?___fldiv                    cstackCOMRAM 000032
___fldiv@b                   cstackCOMRAM 000032
floatToString@value          cstackCOMRAM 000032
___fldiv@a                   cstackCOMRAM 000036
floatToString@buffer         cstackCOMRAM 000036
floatToString@precision      cstackCOMRAM 000038
floatToString@i              cstackCOMRAM 00003B
floatToString@intPart        cstackCOMRAM 00003D
___fldiv@rem                 cstackCOMRAM 00003E
___fldiv@sign                cstackCOMRAM 000042
___fldiv@new_exp             cstackCOMRAM 000043
___fldiv@grs                 cstackCOMRAM 000045
___fldiv@bexp                cstackCOMRAM 000049
___fldiv@aexp                cstackCOMRAM 00004A
?_gasRead                    cstackCOMRAM 00004B
?_humidade                   cstackCOMRAM 00004B
?_tempRead                   cstackCOMRAM 00004B
_tempRead$1252               cstackCOMRAM 00004F
displayMenu@menuIndex        cstackCOMRAM 000053
__pbssCOMRAM                 bssCOMRAM    00005B
readKey@lastStableKey        bssCOMRAM    00005E
__Ltemp                      temp         00005F
btemp                        temp         00005F
int$flags                    temp         00005F
__Htemp                      temp         000060
__accesstop                  (abs)        000060
__pcstackBANK0               cstackBANK0  000060
displayMenu@buffer           cstackBANK0  000060
ttemp5                       temp         000060
wtemp8                       temp         000060
ttemp6                       temp         000063
ttemp7                       temp         000067
_displayMenu$498             cstackBANK0  000070
_displayMenu$499             cstackBANK0  000072
_displayMenu$500             cstackBANK0  000074
displayMenu@temp             cstackBANK0  000076
displayMenu@humid            cstackBANK0  00007A
displayMenu@gas              cstackBANK0  00007E
main@lastDisplayUpdate       cstackBANK0  000082
main@lastKey                 cstackBANK0  000086
_main$432                    cstackBANK0  000087
main@currentTime             cstackBANK0  000088
main@currentTemp             cstackBANK0  00008C
main@currentHumid            cstackBANK0  000090
main@currentGas              cstackBANK0  000094
main@pressedKey              cstackBANK0  000098
main@menuIndex               cstackBANK0  000099
__pbssBANK0                  bssBANK0     00009B
readKey@lastPressTime        bssBANK0     00009B
_milliseconds                bssBANK0     00009F
_Glim                        dataBANK0    0000A3
__pdataBANK0                 dataBANK0    0000A3
_Hlim                        dataBANK0    0000A5
_Tlim                        dataBANK0    0000A7
__Hspace_1                   (abs)        0000A9
__S1                         (abs)        0000A9
__Hramtop                    ramtop       000800
__Lramtop                    ramtop       000800
__Lsmallconst                smallconst   000800
__psmallconst                smallconst   000800
__ramtop                     ramtop       000800
__smallconst                 smallconst   000800
_keymap                      smallconst   000801
__end_of_keymap              smallconst   000811
readKey@F3260                smallconst   000811
__end_ofreadKey@F3260        smallconst   000819
__Hsmallconst                smallconst   0008F4
__ptext5                     text5        0008F4
_displayMenu                 text5        0008F4
___fladd                     text17       000E46
__end_of_displayMenu         text5        000E46
__ptext17                    text17       000E46
_PORTB                       (abs)        000F81
_PORTCbits                   (abs)        000F82
_PORTD                       (abs)        000F83
_PORTDbits                   (abs)        000F83
_LATB                        (abs)        000F8A
_LATEbits                    (abs)        000F8D
_TRISB                       (abs)        000F93
_TRISCbits                   (abs)        000F94
_TRISD                       (abs)        000F95
_TRISEbits                   (abs)        000F96
_ADCON2                      (abs)        000FC0
_ADCON1                      (abs)        000FC1
_ADCON0bits                  (abs)        000FC2
_T0CON                       (abs)        000FD5
_TMR0L                       (abs)        000FD6
_INTCON2                     (abs)        000FF1
_INTCON                      (abs)        000FF2
_INTCONbits                  (abs)        000FF2
__end_of___fladd             text17       001306
__ptext0                     text0        001306
_main                        text0        001306
___flmul                     text18       00177C
__end_of_main                text0        00177C
__ptext18                    text18       00177C
___fldiv                     text9        001BA6
__end_of___flmul             text18       001BA6
__ptext9                     text9        001BA6
___xxtofl                    text14       001F40
__end_of___fldiv             text9        001F40
__ptext14                    text14       001F40
__end_of___xxtofl            text14       0020F4
__ptext2                     text2        0020F4
_readKey                     text2        0020F4
__end_of_readKey             text2        0022A4
__ptext10                    text10       0022A4
_floatToString               text10       0022A4
__end_of_floatToString       text10       002446
__ptext3                     text3        002446
_atoi                        text3        002446
___fltol                     text15       002562
__end_of_atoi                text3        002562
__ptext15                    text15       002562
___flge                      text21       002668
__end_of___fltol             text15       002668
__ptext21                    text21       002668
_OpenXLCD                    text24       00276C
__end_of___flge              text21       00276C
__ptext24                    text24       00276C
__end_of_OpenXLCD            text24       00285A
__ptext11                    text11       00285A
_itoa                        text11       00285A
__end_of_itoa                text11       002946
__ptext1                     text1        002946
_readTwoDigitValue           text1        002946
___awdiv                     text13       002A2A
__end_of_readTwoDigitValue   text1        002A2A
__ptext13                    text13       002A2A
___awmod                     text12       002AEE
__end_of___awdiv             text13       002AEE
__ptext12                    text12       002AEE
__end_of___awmod             text12       002B9E
__ptext6                     text6        002B9E
_tempRead                    text6        002B9E
__end_of_tempRead            text6        002C44
__ptext19                    text19       002C44
_displayStuff                text19       002C44
__end_of_displayStuff        text19       002CD0
__ptext7                     text7        002CD0
_humidade                    text7        002CD0
__end_of_humidade            text7        002D42
__ptext8                     text8        002D42
_gasRead                     text8        002D42
___flsub                     text16       002DB4
__end_of_gasRead             text8        002DB4
__ptext16                    text16       002DB4
_BusyXLCD                    text29       002DFA
__end_of___flsub             text16       002DFA
__ptext29                    text29       002DFA
__end_of_BusyXLCD            text29       002E40
__initialization             cinit        002E40
__pcinit                     cinit        002E40
__end_of__initialization     cinit        002E74
_SetDDRamAddr                text26       002E82
__ptext26                    text26       002E82
_WriteDataXLCD               text20       002EC2
__end_of_SetDDRamAddr        text26       002EC2
__ptext20                    text20       002EC2
_WriteCmdXLCD                text25       002F00
__end_of_WriteDataXLCD       text20       002F00
__ptext25                    text25       002F00
__end_of_WriteCmdXLCD        text25       002F3E
__pintcode_body              intcode_body 002F3E
___wmul                      text4        002F66
__end_of_ISR                 intcode_body 002F66
__ptext4                     text4        002F66
__end_of___wmul              text4        002F8C
__ptext23                    text23       002F8C
_configureLCD                text23       002F8C
_DelayXLCD                   text27       002FAA
__end_of_configureLCD        text23       002FAA
__ptext27                    text27       002FAA
_DelayPORXLCD                text28       002FBC
__end_of_DelayXLCD           text27       002FBC
__ptext28                    text28       002FBC
__end_of_DelayPORXLCD        text28       002FCC
__ptext32                    text32       002FCC
_configureIO                 text32       002FCC
__end_of_configureIO         text32       002FD8
__ptext33                    text33       002FD8
_configureADC                text33       002FD8
__end_of_configureADC        text33       002FE4
__ptext22                    text22       002FE4
_configureTimer              text22       002FE4
_DelayFor18TCY               text30       002FEE
__end_of_configureTimer      text22       002FEE
__ptext30                    text30       002FEE
__end_of_DelayFor18TCY       text30       002FF8
__ptext31                    text31       002FF8
_configureInterrupt          text31       002FF8
__end_of_configureInterrupt  text31       003002
__pidataBANK0                idataBANK0   003002
__Hspace_0                   (abs)        003008
__S0                         (abs)        003008
__Hidloc                     idloc        200008
__Hconfig                    config       30000E
__Hspace_4                   (abs)        60000E
end_of_initialization        cinit        002E74
int_func                     intcode_body 002F3E
start_initialization         cinit        002E40
