Microchip MPLAB XC8 Compiler V2.32

Linker command line:

-W-3 --edf=C:\Program Files\Microchip\xc8\v2.32\pic\dat\en_msgs.txt -cn \
  -h+dist/default/production\Lab_05_DAC_to_lcd.X.production.sym \
  --cmf=dist/default/production\Lab_05_DAC_to_lcd.X.production.cmf -z \
  -Q18F4550 -oC:\Users\JeeJ\AppData\Local\Temp\xcAsd8c.4 \
  --defsym=__MPLAB_BUILD=1 \
  -Mdist/default/production/Lab_05_DAC_to_lcd.X.production.map -E1 \
  -ver=XC8 Compiler --acfsm=1493 -ASTACK=0A3h-07FFh -pstack=STACK \
  -ACODE=00h-07FFFh -ACONST=00h-07FFFh -ASMALLCONST=0800h-08FFhx120 \
  -AMEDIUMCONST=0800h-07FFFh -ACOMRAM=01h-05Fh -AABS1=00h-07FFh \
  -ABIGRAM=01h-07FFh -ARAM=060h-0FFh,0100h-01FFhx7 -ABANK0=060h-0FFh \
  -ABANK1=0100h-01FFh -ABANK2=0200h-02FFh -ABANK3=0300h-03FFh \
  -ABANK4=0400h-04FFh -ABANK5=0500h-05FFh -ABANK6=0600h-06FFh \
  -ABANK7=0700h-07FFh -ASFR=0F60h-0FFFh -ACONFIG=0300000h-030000Dh \
  -AIDLOC=0200000h-0200007h -AEEDATA=0F00000h-0F000FFh -peeprom_data=EEDATA \
  -preset_vec=00h,intcode=08h,intcodelo,powerup,init -pramtop=0800h \
  -psmallconst=SMALLCONST -pmediumconst=MEDIUMCONST -pconst=CONST \
  -AFARRAM=00h-00h \
  -prdata=COMRAM,nvrram=COMRAM,nvbit=COMRAM,rbss=COMRAM,rbit=COMRAM \
  -pfarbss=FARRAM,fardata=FARRAM,nvFARRAM=FARRAM \
  -pintsave_regs=BIGRAM,bigbss=BIGRAM,bigdata=BIGRAM -pbss=RAM \
  -pidata=CODE,irdata=CODE,ibigdata=CODE,ifardata=CODE -prparam=COMRAM \
  C:\Users\JeeJ\AppData\Local\Temp\xcAsd8c.o \
  dist/default/production\Lab_05_DAC_to_lcd.X.production.o 

Object code version is 3.11

Machine type is 18F4550



                Name                               Link     Load   Length Selector   Space Scale
C:\Users\JeeJ\AppData\Local\Temp\xcAsd8c.o
                idloc                            200000   200000        8        0       5
                config                           300000   300000        E        0       4
                init                                  E        E        4        4       0
                reset_vec                             0        0        4        0       0
dist/default/production\Lab_05_DAC_to_lcd.X.production.o
                intcode                               8        8        6        4       0
                idloc                            200000   200000        8        0       5
                config                           300000   300000        E        0       4
                temp                                 42       42        1        1       1
                smallconst                          800      800       3C      400       0
                text30                             1900     1900      12A      41E       0
                intcode_body                       1E20     1E20       CA      41E       0
                text28                             1B32     1B32      104      41E       0
                text27                             20F4     20F4       74      41E       0
                text26                             21DA     21DA       64      41E       0
                text25                             243A     243A        E      41E       0
                text24                             241C     241C       10      41E       0
                text23                             23D6     23D6       14      41E       0
                text22                             2448     2448        A      41E       0
                text21                             22D4     22D4       46      41E       0
                text20                             240C     240C       10      41E       0
                text19                             23EA     23EA       12      41E       0
                text18                             231A     231A       40      41E       0
                text17                             2398     2398       3E      41E       0
                text16                             1D32     1D32       EE      41E       0
                text15                             242C     242C        E      41E       0
                text14                             23FC     23FC       10      41E       0
                text13                             1EEA     1EEA       C4      41E       0
                text12                             1FAE     1FAE       B0      41E       0
                text11                              CFC      CFC      42C      41E       0
                text10                              83C      83C      4C0      41E       0
                text9                              228E     228E       46      41E       0
                text8                              1A2A     1A2A      108      41E       0
                text7                              14C4     14C4      1B4      41E       0
                text6                              235A     235A       3E      41E       0
                text5                              2168     2168       72      41E       0
                text4                              1C36     1C36       FC      41E       0
                text3                              1128     1128      39C      41E       0
                text2                              205E     205E       96      41E       0
                text1                              17D6     17D6      12A      41E       0
                text0                              1678     1678      15E      41E       0
                cstackCOMRAM                          1        1       39        1       1
                cstackBANK0                          60       60       3F       60       1
                dataBANK0                            A1       A1        2       60       1
                bssBANK0                             9F       9F        2       60       1
                dataCOMRAM                           40       40        2        1       1
                bssCOMRAM                            3A       3A        6        1       1
                cinit                              223E     223E       50      41E       0
                idataBANK0                         2454     2454        2      41E       0
                idataCOMRAM                        2452     2452        2      41E       0

TOTAL           Name                               Link     Load   Length     Space
        CLASS   STACK          

        CLASS   CODE           
                intcode                               8        8        6         0
                init                                  E        E        4         0
                reset_vec                             0        0        4         0
                text30                             1900     1900      12A         0
                intcode_body                       1E20     1E20       CA         0
                text28                             1B32     1B32      104         0
                text27                             20F4     20F4       74         0
                text26                             21DA     21DA       64         0
                text25                             243A     243A        E         0
                text24                             241C     241C       10         0
                text23                             23D6     23D6       14         0
                text22                             2448     2448        A         0
                text21                             22D4     22D4       46         0
                text20                             240C     240C       10         0
                text19                             23EA     23EA       12         0
                text18                             231A     231A       40         0
                text17                             2398     2398       3E         0
                text16                             1D32     1D32       EE         0
                text15                             242C     242C        E         0
                text14                             23FC     23FC       10         0
                text13                             1EEA     1EEA       C4         0
                text12                             1FAE     1FAE       B0         0
                text11                              CFC      CFC      42C         0
                text10                              83C      83C      4C0         0
                text9                              228E     228E       46         0
                text8                              1A2A     1A2A      108         0
                text7                              14C4     14C4      1B4         0
                text6                              235A     235A       3E         0
                text5                              2168     2168       72         0
                text4                              1C36     1C36       FC         0
                text3                              1128     1128      39C         0
                text2                              205E     205E       96         0
                text1                              17D6     17D6      12A         0
                text0                              1678     1678      15E         0
                cinit                              223E     223E       50         0
                idataBANK0                         2454     2454        2         0
                idataCOMRAM                        2452     2452        2         0

        CLASS   CONST          

        CLASS   SMALLCONST     
                smallconst                          800      800       3C         0

        CLASS   MEDIUMCONST    

        CLASS   COMRAM         
                temp                                 42       42        1         1
                cstackCOMRAM                          1        1       39         1
                dataCOMRAM                           40       40        2         1
                bssCOMRAM                            3A       3A        6         1

        CLASS   ABS1           

        CLASS   BIGRAM         

        CLASS   RAM            

        CLASS   BANK0          
                cstackBANK0                          60       60       3F         1
                dataBANK0                            A1       A1        2         1
                bssBANK0                             9F       9F        2         1

        CLASS   BANK1          

        CLASS   BANK2          

        CLASS   BANK3          

        CLASS   BANK4          

        CLASS   BANK5          

        CLASS   BANK6          

        CLASS   BANK7          

        CLASS   SFR            

        CLASS   CONFIG         
                config                           300000   300000        E         4

        CLASS   IDLOC          
                idloc                            200000   200000        8         5

        CLASS   EEDATA         

        CLASS   FARRAM         



SEGMENTS        Name                           Load    Length   Top    Selector   Space  Class

                reset_vec                      000000  000004  000004         0       0  CODE    
                cstackCOMRAM                   000001  000042  000043         1       1  COMRAM  
                intcode                        000008  00000A  000012         4       0  CODE    
                cstackBANK0                    000060  000043  0000A3        60       1  BANK0   
                smallconst                     000800  00003C  00083C       400       0  SMALLCON
                text10                         00083C  001C1A  002456       41E       0  CODE    


UNUSED ADDRESS RANGES

        Name                Unused          Largest block    Delta
        BANK0            0000A3-0000FF               5D
        BANK1            000100-0001FF              100
        BANK2            000200-0002FF              100
        BANK3            000300-0003FF              100
        BANK4            000400-0004FF              100
        BANK5            000500-0005FF              100
        BANK6            000600-0006FF              100
        BANK7            000700-0007FF              100
        BIGRAM           000043-00005F               1D
                         0000A3-0007FF              75D
        CODE             000004-000007                4
                         000012-0007FF              7EE
                         002456-007FFF             5BAA
        COMRAM           000043-00005F               1D
        CONST            000004-000007                4
                         000012-0007FF              7EE
                         002456-007FFF             5BAA
        EEDATA           F00000-F000FF              100
        MEDIUMCONST      002456-007FFF             5BAA
        RAM              0000A3-0007FF              100
        SFR              000F60-000FFF               A0
        SMALLCONST       002456-007FFF              100
        STACK            0000A3-0007FF              75D

                                  Symbol Table

?___awdiv                    cstackCOMRAM 00001E
?___awmod                    cstackCOMRAM 00001E
?___fladd                    cstackCOMRAM 00001E
?___fldiv                    cstackCOMRAM 00002C
?___flmul                    cstackBANK0  00006D
?___flsub                    cstackCOMRAM 00002E
?___fltol                    cstackBANK0  000086
?___lwdiv                    cstackCOMRAM 00001E
?___lwmod                    cstackCOMRAM 00001E
?___xxtofl                   cstackCOMRAM 00001E
?_readAnalog                 cstackBANK0  000086
ISR@tecla                    cstackCOMRAM 00001D
ISR@tik                      bssCOMRAM    00003A
OpenXLCD@lcdtype             cstackCOMRAM 00001F
SetDDRamAddr@DDaddr          cstackCOMRAM 00001E
WriteCmdXLCD@cmd             cstackCOMRAM 00001E
WriteDataXLCD@data           cstackCOMRAM 00001E
_ADCON0                      (abs)        000FC2
_ADCON0bits                  (abs)        000FC2
_ADCON1                      (abs)        000FC1
_ADCON2                      (abs)        000FC0
_ADRESH                      (abs)        000FC4
_ADRESL                      (abs)        000FC3
_BusyXLCD                    text21       0022D4
_DelayFor18TCY               text22       002448
_DelayPORXLCD                text20       00240C
_DelayXLCD                   text19       0023EA
_INTCON2bits                 (abs)        000FF1
_INTCONbits                  (abs)        000FF2
_ISR                         intcode      000008
_LATB                        (abs)        000F8A
_LATEbits                    (abs)        000F8D
_OpenXLCD                    text16       001D32
_PORTB                       (abs)        000F81
_PORTD                       (abs)        000F83
_PORTDbits                   (abs)        000F83
_RCONbits                    (abs)        000FD0
_SetDDRamAddr                text18       00231A
_T0CON                       (abs)        000FD5
_TMR0H                       (abs)        000FD7
_TMR0L                       (abs)        000FD6
_TRISAbits                   (abs)        000F92
_TRISB                       (abs)        000F93
_TRISD                       (abs)        000F95
_TRISDbits                   (abs)        000F95
_TRISEbits                   (abs)        000F96
_Vmax                        dataCOMRAM   000040
_WriteCmdXLCD                text17       002398
_WriteDataXLCD               text6        00235A
__HRAM                       (abs)        000000
__Habs1                      abs1         000000
__Hbank0                     bank0        000000
__Hbank1                     bank1        000000
__Hbank2                     bank2        000000
__Hbank3                     bank3        000000
__Hbank4                     bank4        000000
__Hbank5                     bank5        000000
__Hbank6                     bank6        000000
__Hbank7                     bank7        000000
__Hbigbss                    bigbss       000000
__Hbigdata                   bigdata      000000
__Hbigram                    bigram       000000
__Hbss                       bss          000000
__HbssBANK0                  bssBANK0     000000
__HbssCOMRAM                 bssCOMRAM    000000
__Hcinit                     cinit        000000
__Hclrtext                   clrtext      000000
__Hcomram                    comram       000000
__Hconfig                    config       30000E
__Hconst                     const        000000
__HcstackBANK0               cstackBANK0  000000
__HcstackCOMRAM              cstackCOMRAM 000000
__Hdata                      data         000000
__HdataBANK0                 dataBANK0    000000
__HdataCOMRAM                dataCOMRAM   000000
__Heeprom_data               eeprom_data  000000
__Hfarbss                    farbss       000000
__Hfardata                   fardata      000000
__Hibigdata                  ibigdata     000000
__Hidata                     idata        000000
__HidataBANK0                idataBANK0   000000
__HidataCOMRAM               idataCOMRAM  000000
__Hidloc                     idloc        200008
__Hifardata                  ifardata     000000
__Hinit                      init         000012
__Hintcode                   intcode      00000E
__Hintcode_body              intcode_body 000000
__Hintcodelo                 intcodelo    00000E
__Hintentry                  intentry     000000
__Hintret                    intret       000000
__Hintsave_regs              intsave_regs 000000
__Hirdata                    irdata       000000
__Hmediumconst               mediumconst  000000
__HnvFARRAM                  nvFARRAM     000000
__Hnvbit                     nvbit        000000
__Hnvrram                    nvrram       000000
__Hparam                     rparam       000000
__Hpowerup                   powerup      00000E
__Hram                       ram          000000
__Hramtop                    ramtop       000800
__Hrbit                      rbit         000000
__Hrbss                      rbss         000000
__Hrdata                     rdata        000000
__Hreset_vec                 reset_vec    000004
__Hrparam                    rparam       000000
__Hsfr                       sfr          000000
__Hsmallconst                smallconst   00083C
__Hspace_0                   (abs)        002456
__Hspace_1                   (abs)        0000A3
__Hspace_2                   (abs)        000000
__Hspace_4                   (abs)        60000E
__Hstack                     stack        000000
__Hstruct                    struct       000000
__Htemp                      temp         000043
__Htext                      text         000000
__Htext0                     text0        000000
__Htext1                     text1        000000
__Htext10                    text10       000000
__Htext11                    text11       000000
__Htext12                    text12       000000
__Htext13                    text13       000000
__Htext14                    text14       000000
__Htext15                    text15       000000
__Htext16                    text16       000000
__Htext17                    text17       000000
__Htext18                    text18       000000
__Htext19                    text19       000000
__Htext2                     text2        000000
__Htext20                    text20       000000
__Htext21                    text21       000000
__Htext22                    text22       000000
__Htext23                    text23       000000
__Htext24                    text24       000000
__Htext25                    text25       000000
__Htext26                    text26       000000
__Htext27                    text27       000000
__Htext28                    text28       000000
__Htext3                     text3        000000
__Htext30                    text30       000000
__Htext4                     text4        000000
__Htext5                     text5        000000
__Htext6                     text6        000000
__Htext7                     text7        000000
__Htext8                     text8        000000
__Htext9                     text9        000000
__LRAM                       (abs)        000001
__Labs1                      abs1         000000
__Lbank0                     bank0        000000
__Lbank1                     bank1        000000
__Lbank2                     bank2        000000
__Lbank3                     bank3        000000
__Lbank4                     bank4        000000
__Lbank5                     bank5        000000
__Lbank6                     bank6        000000
__Lbank7                     bank7        000000
__Lbigbss                    bigbss       000000
__Lbigdata                   bigdata      000000
__Lbigram                    bigram       000000
__Lbss                       bss          000000
__LbssBANK0                  bssBANK0     000000
__LbssCOMRAM                 bssCOMRAM    000000
__Lcinit                     cinit        000000
__Lclrtext                   clrtext      000000
__Lcomram                    comram       000000
__Lconfig                    config       000000
__Lconst                     const        000000
__LcstackBANK0               cstackBANK0  000000
__LcstackCOMRAM              cstackCOMRAM 000000
__Ldata                      data         000000
__LdataBANK0                 dataBANK0    000000
__LdataCOMRAM                dataCOMRAM   000000
__Leeprom_data               eeprom_data  000000
__Lfarbss                    farbss       000000
__Lfardata                   fardata      000000
__Libigdata                  ibigdata     000000
__Lidata                     idata        000000
__LidataBANK0                idataBANK0   000000
__LidataCOMRAM               idataCOMRAM  000000
__Lidloc                     idloc        000000
__Lifardata                  ifardata     000000
__Linit                      init         00000E
__Lintcode                   intcode      000008
__Lintcode_body              intcode_body 000000
__Lintcodelo                 intcodelo    00000E
__Lintentry                  intentry     000000
__Lintret                    intret       000000
__Lintsave_regs              intsave_regs 000000
__Lirdata                    irdata       000000
__Lmediumconst               mediumconst  000000
__LnvFARRAM                  nvFARRAM     000000
__Lnvbit                     nvbit        000000
__Lnvrram                    nvrram       000000
__Lparam                     rparam       000000
__Lpowerup                   powerup      00000E
__Lram                       ram          000000
__Lramtop                    ramtop       000800
__Lrbit                      rbit         000000
__Lrbss                      rbss         000000
__Lrdata                     rdata        000000
__Lreset_vec                 reset_vec    000000
__Lrparam                    rparam       000000
__Lsfr                       sfr          000000
__Lsmallconst                smallconst   000800
__Lspace_0                   (abs)        000000
__Lspace_1                   (abs)        000000
__Lspace_2                   (abs)        000000
__Lspace_4                   (abs)        000000
__Lstack                     stack        000000
__Lstruct                    struct       000000
__Ltemp                      temp         000042
__Ltext                      text         000000
__Ltext0                     text0        000000
__Ltext1                     text1        000000
__Ltext10                    text10       000000
__Ltext11                    text11       000000
__Ltext12                    text12       000000
__Ltext13                    text13       000000
__Ltext14                    text14       000000
__Ltext15                    text15       000000
__Ltext16                    text16       000000
__Ltext17                    text17       000000
__Ltext18                    text18       000000
__Ltext19                    text19       000000
__Ltext2                     text2        000000
__Ltext20                    text20       000000
__Ltext21                    text21       000000
__Ltext22                    text22       000000
__Ltext23                    text23       000000
__Ltext24                    text24       000000
__Ltext25                    text25       000000
__Ltext26                    text26       000000
__Ltext27                    text27       000000
__Ltext28                    text28       000000
__Ltext3                     text3        000000
__Ltext30                    text30       000000
__Ltext4                     text4        000000
__Ltext5                     text5        000000
__Ltext6                     text6        000000
__Ltext7                     text7        000000
__Ltext8                     text8        000000
__Ltext9                     text9        000000
__S0                         (abs)        002456
__S1                         (abs)        0000A3
__S2                         (abs)        000000
__S4                         (abs)        000000
__S5                         (abs)        000000
___awdiv                     text13       001EEA
___awdiv@counter             cstackCOMRAM 000022
___awdiv@dividend            cstackCOMRAM 00001E
___awdiv@divisor             cstackCOMRAM 000020
___awdiv@quotient            cstackCOMRAM 000024
___awdiv@sign                cstackCOMRAM 000023
___awmod                     text12       001FAE
___awmod@counter             cstackCOMRAM 000022
___awmod@dividend            cstackCOMRAM 00001E
___awmod@divisor             cstackCOMRAM 000020
___awmod@sign                cstackCOMRAM 000023
___fladd                     text10       00083C
___fladd@a                   cstackCOMRAM 000022
___fladd@aexp                cstackCOMRAM 00002B
___fladd@b                   cstackCOMRAM 00001E
___fladd@bexp                cstackCOMRAM 00002C
___fladd@grs                 cstackCOMRAM 00002D
___fladd@signs               cstackCOMRAM 00002A
___fldiv                     text3        001128
___fldiv@a                   cstackCOMRAM 000030
___fldiv@aexp                cstackBANK0  00006C
___fldiv@b                   cstackCOMRAM 00002C
___fldiv@bexp                cstackBANK0  00006B
___fldiv@grs                 cstackBANK0  000067
___fldiv@new_exp             cstackBANK0  000065
___fldiv@rem                 cstackBANK0  000060
___fldiv@sign                cstackBANK0  000064
___flge                      text28       001B32
___flge@ff1                  cstackCOMRAM 00001E
___flge@ff2                  cstackCOMRAM 000022
___flmul                     text11       000CFC
___flmul@a                   cstackBANK0  000071
___flmul@aexp                cstackBANK0  00007A
___flmul@b                   cstackBANK0  00006D
___flmul@bexp                cstackBANK0  00007F
___flmul@grs                 cstackBANK0  00007B
___flmul@prod                cstackBANK0  000080
___flmul@sign                cstackBANK0  000079
___flmul@temp                cstackBANK0  000084
___flsub                     text9        00228E
___flsub@a                   cstackCOMRAM 000032
___flsub@b                   cstackCOMRAM 00002E
___fltol                     text8        001A2A
___fltol@exp1                cstackCOMRAM 000039
___fltol@f1                  cstackBANK0  000086
___fltol@sign1               cstackCOMRAM 000038
___inthi_sp                  stack        000000
___intlo_sp                  stack        000000
___lwdiv                     text27       0020F4
___lwdiv@counter             cstackCOMRAM 000024
___lwdiv@dividend            cstackCOMRAM 00001E
___lwdiv@divisor             cstackCOMRAM 000020
___lwdiv@quotient            cstackCOMRAM 000022
___lwmod                     text26       0021DA
___lwmod@counter             cstackCOMRAM 000022
___lwmod@dividend            cstackCOMRAM 00001E
___lwmod@divisor             cstackCOMRAM 000020
___param_bank                (abs)        000000
___rparam_used               (abs)        000001
___sp                        stack        000000
___xxtofl                    text7        0014C4
___xxtofl@arg                cstackCOMRAM 000028
___xxtofl@exp                cstackCOMRAM 000027
___xxtofl@sign               cstackCOMRAM 000026
___xxtofl@val                cstackCOMRAM 00001E
__accesstop                  (abs)        000060
__activetblptr               (abs)        000002
__end_of_BusyXLCD            text21       00231A
__end_of_DelayFor18TCY       text22       002452
__end_of_DelayPORXLCD        text20       00241C
__end_of_DelayXLCD           text19       0023FC
__end_of_ISR                 intcode_body 001EEA
__end_of_OpenXLCD            text16       001E20
__end_of_SetDDRamAddr        text18       00235A
__end_of_WriteCmdXLCD        text17       0023D6
__end_of_WriteDataXLCD       text6        002398
__end_of___awdiv             text13       001FAE
__end_of___awmod             text12       00205E
__end_of___fladd             text10       000CFC
__end_of___fldiv             text3        0014C4
__end_of___flge              text28       001C36
__end_of___flmul             text11       001128
__end_of___flsub             text9        0022D4
__end_of___fltol             text8        001B32
__end_of___lwdiv             text27       002168
__end_of___lwmod             text26       00223E
__end_of___xxtofl            text7        001678
__end_of__initialization     cinit        002280
__end_of_configureADC        text25       002448
__end_of_configureIO         text24       00242C
__end_of_configureInterrupt  text23       0023EA
__end_of_configureLCD        text15       00243A
__end_of_configureTimer      text14       00240C
__end_of_displayStuff        text4        001D32
__end_of_keymap              smallconst   000811
__end_of_main                text0        0017D6
__end_of_putsXLCD            text5        0021DA
__end_of_readAnalog          text2        0020F4
__end_of_readKey             text1        001900
__end_ofi2_readKey           text30       001A2A
__end_ofreadKey@F3244        smallconst   000819
__initialization             cinit        00223E
__mediumconst                mediumconst  000000
__pbssBANK0                  bssBANK0     00009F
__pbssCOMRAM                 bssCOMRAM    00003A
__pcinit                     cinit        00223E
__pcstackBANK0               cstackBANK0  000060
__pcstackCOMRAM              cstackCOMRAM 000001
__pdataBANK0                 dataBANK0    0000A1
__pdataCOMRAM                dataCOMRAM   000040
__pidataBANK0                idataBANK0   002454
__pidataCOMRAM               idataCOMRAM  002452
__pintcode                   intcode      000008
__pintcode_body              intcode_body 001E20
__psmallconst                smallconst   000800
__ptext0                     text0        001678
__ptext1                     text1        0017D6
__ptext10                    text10       00083C
__ptext11                    text11       000CFC
__ptext12                    text12       001FAE
__ptext13                    text13       001EEA
__ptext14                    text14       0023FC
__ptext15                    text15       00242C
__ptext16                    text16       001D32
__ptext17                    text17       002398
__ptext18                    text18       00231A
__ptext19                    text19       0023EA
__ptext2                     text2        00205E
__ptext20                    text20       00240C
__ptext21                    text21       0022D4
__ptext22                    text22       002448
__ptext23                    text23       0023D6
__ptext24                    text24       00241C
__ptext25                    text25       00243A
__ptext26                    text26       0021DA
__ptext27                    text27       0020F4
__ptext28                    text28       001B32
__ptext3                     text3        001128
__ptext30                    text30       001900
__ptext4                     text4        001C36
__ptext5                     text5        002168
__ptext6                     text6        00235A
__ptext7                     text7        0014C4
__ptext8                     text8        001A2A
__ptext9                     text9        00228E
__ramtop                     ramtop       000800
__size_of_BusyXLCD           (abs)        000000
__size_of_DelayFor18TCY      (abs)        000000
__size_of_DelayPORXLCD       (abs)        000000
__size_of_DelayXLCD          (abs)        000000
__size_of_ISR                (abs)        000000
__size_of_OpenXLCD           (abs)        000000
__size_of_SetDDRamAddr       (abs)        000000
__size_of_WriteCmdXLCD       (abs)        000000
__size_of_WriteDataXLCD      (abs)        000000
__size_of___awdiv            (abs)        000000
__size_of___awmod            (abs)        000000
__size_of___fladd            (abs)        000000
__size_of___fldiv            (abs)        000000
__size_of___flge             (abs)        000000
__size_of___flmul            (abs)        000000
__size_of___flsub            (abs)        000000
__size_of___fltol            (abs)        000000
__size_of___lwdiv            (abs)        000000
__size_of___lwmod            (abs)        000000
__size_of___xxtofl           (abs)        000000
__size_of_configureADC       (abs)        000000
__size_of_configureIO        (abs)        000000
__size_of_configureInterrupt (abs)        000000
__size_of_configureLCD       (abs)        000000
__size_of_configureTimer     (abs)        000000
__size_of_displayStuff       (abs)        000000
__size_of_main               (abs)        000000
__size_of_putsXLCD           (abs)        000000
__size_of_readAnalog         (abs)        000000
__size_of_readKey            (abs)        000000
__size_ofi2_readKey          (abs)        000000
__smallconst                 smallconst   000800
_configureADC                text25       00243A
_configureIO                 text24       00241C
_configureInterrupt          text23       0023D6
_configureLCD                text15       00242C
_configureTimer              text14       0023FC
_displayStuff                text4        001C36
_intTempo                    bssCOMRAM    00003C
_keyPressed                  bssCOMRAM    00003F
_keymap                      smallconst   000801
_main                        text0        001678
_putsXLCD                    text5        002168
_readAnalog                  text2        00205E
_readKey                     text1        0017D6
_tak                         bssBANK0     00009F
_tempuu                      dataBANK0    0000A1
btemp                        temp         000042
displayStuff@V_analog        cstackBANK0  00008E
displayStuff@decimal         cstackBANK0  000094
displayStuff@inteiro         cstackBANK0  000092
end_of_initialization        cinit        002280
i2_readKey                   text30       001900
i2readKey@InvCol             cstackCOMRAM 000007
i2readKey@col                cstackCOMRAM 00000F
i2readKey@row                cstackCOMRAM 000011
int$flags                    temp         000042
int_func                     intcode_body 001E20
intlevel0                    text         000000
intlevel1                    text         000000
intlevel2                    text         000000
intlevel3                    text         000000
isa$std                      (abs)        000001
isa$xinst                    (abs)        000000
main@V_analog                cstackBANK0  00009A
main@key                     cstackBANK0  00009E
main@stringTempo             cstackBANK0  000096
putsXLCD@buffer              cstackCOMRAM 00001F
readAnalog@result            cstackBANK0  00008A
readKey@F3244                smallconst   000811
readKey@InvCol               cstackCOMRAM 000024
readKey@col                  cstackCOMRAM 00002C
readKey@currentKey           bssCOMRAM    00003E
readKey@row                  cstackCOMRAM 00002E
stackhi                      (abs)        0007FF
stacklo                      (abs)        0000A3
start                        init         00000E
start_initialization         cinit        00223E
ttemp5                       temp         000043
ttemp6                       temp         000046
ttemp7                       temp         00004A
wtemp8                       temp         000043


MODULE INFORMATION

Module		Function		Class		Link	Load	Size
C:\Program Files\Microchip\xc8\v2.32\pic\sources\c99\common\awdiv.c
		___awdiv       		CODE           	1EEA	0000	196

C:\Program Files\Microchip\xc8\v2.32\pic\sources\c99\common\awdiv.c estimated size: 196

C:\Program Files\Microchip\xc8\v2.32\pic\sources\c99\common\sprcadd.c
		___flsub       		CODE           	228E	0000	70
		___fladd       		CODE           	083C	0000	1216

C:\Program Files\Microchip\xc8\v2.32\pic\sources\c99\common\sprcadd.c estimated size: 1286

C:\Program Files\Microchip\xc8\v2.32\pic\sources\c99\common\lwmod.c
		___lwmod       		CODE           	21DA	0000	100

C:\Program Files\Microchip\xc8\v2.32\pic\sources\c99\common\lwmod.c estimated size: 100

nxlcd.c
		_BusyXLCD      		CODE           	22D4	0000	70
		_putsXLCD      		CODE           	2168	0000	114
		_DelayFor18TCY 		CODE           	2448	0000	10
		_DelayXLCD     		CODE           	23EA	0000	18
		_WriteCmdXLCD  		CODE           	2398	0000	62
		_OpenXLCD      		CODE           	1D32	0000	238
		_WriteDataXLCD 		CODE           	235A	0000	62
		_SetDDRamAddr  		CODE           	231A	0000	64
		_DelayPORXLCD  		CODE           	240C	0000	16

nxlcd.c estimated size: 654

shared
		readKey@F3244  		SMALLCONST     	0811	0000	8
		_keymap        		SMALLCONST     	0801	0000	16
		__initialization		CODE           	223E	0000	66
		i2_readKey     		CODE           	1900	0000	298

shared estimated size: 388

C:\Program Files\Microchip\xc8\v2.32\pic\sources\c99\common\sprcmul.c
		___flmul       		CODE           	0CFC	0000	1068

C:\Program Files\Microchip\xc8\v2.32\pic\sources\c99\common\sprcmul.c estimated size: 1068

C:\Program Files\Microchip\xc8\v2.32\pic\sources\c99\common\awmod.c
		___awmod       		CODE           	1FAE	0000	176

C:\Program Files\Microchip\xc8\v2.32\pic\sources\c99\common\awmod.c estimated size: 176

C:\Program Files\Microchip\xc8\v2.32\pic\sources\c99\common\sprcdiv.c
		___fldiv       		CODE           	1128	0000	924

C:\Program Files\Microchip\xc8\v2.32\pic\sources\c99\common\sprcdiv.c estimated size: 924

C:\Program Files\Microchip\xc8\v2.32\pic\sources\c99\common\lwdiv.c
		___lwdiv       		CODE           	20F4	0000	116

C:\Program Files\Microchip\xc8\v2.32\pic\sources\c99\common\lwdiv.c estimated size: 116

C:\Program Files\Microchip\xc8\v2.32\pic\sources\c99\common\fltol.c
		___fltol       		CODE           	1A2A	0000	264

C:\Program Files\Microchip\xc8\v2.32\pic\sources\c99\common\fltol.c estimated size: 264

C:\Program Files\Microchip\xc8\v2.32\pic\sources\c99\common\xxtofl.c
		___xxtofl      		CODE           	14C4	0000	436

C:\Program Files\Microchip\xc8\v2.32\pic\sources\c99\common\xxtofl.c estimated size: 436

main.c
		_readAnalog    		CODE           	205E	0000	150
		_configureIO   		CODE           	241C	0000	16
		_configureADC  		CODE           	243A	0000	14
		_configureLCD  		CODE           	242C	0000	14
		_readKey       		CODE           	17D6	0000	298
		_ISR           		CODE           	0008	0000	208
		_displayStuff  		CODE           	1C36	0000	252
		_configureTimer		CODE           	23FC	0000	16
		_main          		CODE           	1678	0000	350
		_configureInterrupt		CODE           	23D6	0000	20

main.c estimated size: 1338

C:\Program Files\Microchip\xc8\v2.32\pic\sources\c99\common\flge.c
		___flge        		CODE           	1B32	0000	260

C:\Program Files\Microchip\xc8\v2.32\pic\sources\c99\common\flge.c estimated size: 260

